Traceback (most recent call last):
  File "/groups/turaga/home/troidlj/micromamba/envs/nps/bin/volara-cli", line 8, in <module>
    sys.exit(cli())
             ^^^^^
  File "/groups/turaga/home/troidlj/micromamba/envs/nps/lib/python3.11/site-packages/click/core.py", line 1442, in __call__
    return self.main(*args, **kwargs)
           ^^^^^^^^^^^^^^^^^^^^^^^^^^
  File "/groups/turaga/home/troidlj/micromamba/envs/nps/lib/python3.11/site-packages/click/core.py", line 1363, in main
    rv = self.invoke(ctx)
         ^^^^^^^^^^^^^^^^
  File "/groups/turaga/home/troidlj/micromamba/envs/nps/lib/python3.11/site-packages/click/core.py", line 1830, in invoke
    return _process_result(sub_ctx.command.invoke(sub_ctx))
                           ^^^^^^^^^^^^^^^^^^^^^^^^^^^^^^^
  File "/groups/turaga/home/troidlj/micromamba/envs/nps/lib/python3.11/site-packages/click/core.py", line 1226, in invoke
    return ctx.invoke(self.callback, **ctx.params)
           ^^^^^^^^^^^^^^^^^^^^^^^^^^^^^^^^^^^^^^^
  File "/groups/turaga/home/troidlj/micromamba/envs/nps/lib/python3.11/site-packages/click/core.py", line 794, in invoke
    return callback(*args, **kwargs)
           ^^^^^^^^^^^^^^^^^^^^^^^^^
  File "/groups/turaga/home/troidlj/volara/volara/cli.py", line 32, in blockwise_worker
    BlockwiseTasks = get_blockwise_tasks_type()
                     ^^^^^^^^^^^^^^^^^^^^^^^^^^
  File "/groups/turaga/home/troidlj/volara/volara/blockwise/__init__.py", line 55, in get_blockwise_tasks_type
    discover_tasks()
  File "/groups/turaga/home/troidlj/volara/volara/blockwise/__init__.py", line 30, in discover_tasks
    task_class = entry_point.load()
                 ^^^^^^^^^^^^^^^^^^
  File "/groups/turaga/home/troidlj/micromamba/envs/nps/lib/python3.11/site-packages/importlib_metadata/__init__.py", line 221, in load
    module = import_module(self.module)
             ^^^^^^^^^^^^^^^^^^^^^^^^^^
  File "/groups/turaga/home/troidlj/micromamba/envs/nps/lib/python3.11/importlib/__init__.py", line 126, in import_module
    return _bootstrap._gcd_import(name[level:], package, level)
           ^^^^^^^^^^^^^^^^^^^^^^^^^^^^^^^^^^^^^^^^^^^^^^^^^^^^
  File "<frozen importlib._bootstrap>", line 1204, in _gcd_import
  File "<frozen importlib._bootstrap>", line 1176, in _find_and_load
  File "<frozen importlib._bootstrap>", line 1147, in _find_and_load_unlocked
  File "<frozen importlib._bootstrap>", line 690, in _load_unlocked
  File "<frozen importlib._bootstrap_external>", line 940, in exec_module
  File "<frozen importlib._bootstrap>", line 241, in _call_with_frames_removed
  File "/groups/turaga/home/troidlj/volara_contrib/volara_contrib/blockwise/skeleton_fragment_barcodes.py", line 6, in <module>
    import edt
ModuleNotFoundError: No module named 'edt'
